SUCCESS,/categories/blog/beton-ready-mix-k225/,"revised"
SUCCESS,/categories/blog/harga-beton-ready-mix-k225-per-m3/,"revised"
SUCCESS,/categories/blog/harga-beton-readymix-k225/,"revised"
SUCCESS,/categories/jalan/biaya-cor-molen-untuk-jalan-di-balaraja-tangerang/,"revised"
SUCCESS,/categories/jalan/biaya-cor-molen-untuk-jalan-di-banyusari-karawang/,"revised"
SUCCESS,/categories/jalan/biaya-cor-molen-untuk-jalan-di-baros-serang/,"revised"
FAILED,/categories/jalan/biaya-cor-molen-untuk-jalan-di-bebelan-bekasi/,"Placeholder 1 appears 0x in AI output (should appear exactly 1x)"
SUCCESS,/categories/jalan/biaya-cor-molen-untuk-jalan-di-benda-tangerang/,"revised"
FAILED,/categories/jalan/biaya-cor-molen-untuk-jalan-di-bojong-mangu-bekasi/,"Placeholder 1 appears 0x in AI output (should appear exactly 1x)"
SUCCESS,/categories/jalan/biaya-cor-molen-untuk-jalan-di-bojong-picung-cianjur/,"revised"
FAILED,/categories/jalan/biaya-cor-molen-untuk-jalan-di-bojong-purwakarta/,"Placeholder 1 appears 0x in AI output (should appear exactly 1x)"
SUCCESS,/categories/jalan/biaya-cor-molen-untuk-jalan-di-cadasari-pandeglang/,"revised"
SUCCESS,/categories/jalan/biaya-cor-molen-untuk-jalan-di-campaka-mulya-cianjur/,"revised"
FAILED,/categories/jalan/biaya-cor-molen-untuk-jalan-di-ciampea-bogor/,"Placeholder 1 appears 0x in AI output (should appear exactly 1x)"
FAILED,/categories/jalan/biaya-cor-molen-untuk-jalan-di-ciampel-karawang/,"Placeholder 1 appears 0x in AI output (should appear exactly 1x)"
FAILED,/categories/jalan/biaya-cor-molen-untuk-jalan-di-cibadak-sukabumi/,"Placeholder 1 appears 0x in AI output (should appear exactly 1x) | Placeholder 2 appears 2x in AI output (should appear exactly 1x)"
FAILED,/categories/jalan/biaya-cor-molen-untuk-jalan-di-cibeber-cianjur/,"Placeholder 1 appears 0x in AI output (should appear exactly 1x)"
FAILED,/categories/jalan/biaya-cor-molen-untuk-jalan-di-cibeber-cilegon/,"Placeholder 1 appears 0x in AI output (should appear exactly 1x)"
FAILED,/categories/jalan/biaya-cor-molen-untuk-jalan-di-cidaun-cianjur/,"Placeholder 1 appears 0x in AI output (should appear exactly 1x)"
SUCCESS,/categories/jalan/biaya-cor-molen-untuk-jalan-di-cidolog-sukabumi/,"revised"
